HTTP Error 404: Not Found{"quoteSummary":{"result":null,"error":{"code":"Not Found","description":"Quote not found for symbol: XADXX"}}}
$XADXX: possibly delisted; no timezone found
HTTP Error 404: Not Found{"quoteSummary":{"result":null,"error":{"code":"Not Found","description":"Quote not found for symbol: XTYX"}}}
$XTYX: possibly delisted; no timezone found

2 Failed downloads:
['XADXX', 'XTYX']: possibly delisted; no timezone found
no NAV for ADX
no NAV for TY
                    n  trough    pre  half_recover_sessions  ret60  ret60_mean
episode                                                                       
2022 bear          18  -0.047  0.005                    7.0  0.076       0.070
Covid 2020         18  -0.169  0.002                    2.0  0.545       0.547
GFC 2008-09        16  -0.271 -0.070                    4.5  0.213       0.347
Tariff shock 2025  18  -0.049 -0.034                    1.0  0.179       0.180
fund           episode trough_date  trough_discount  pre_episode_discount  sessions_to_half_recover  disc_60s_later  price_tr_60s
 PCN       GFC 2008-09  2008-10-09          -0.2727                0.0952                       2.0          0.2348        0.9436
 PCN        Covid 2020  2020-03-18          -0.1635                0.2397                       4.0          0.2887        0.6278
 PCN         2022 bear  2022-12-28           0.0249                0.2521                      17.0          0.1120        0.0973
 PCN Tariff shock 2025  2025-04-07           0.0191                0.1567                       2.0          0.0796        0.1140
 PTY       GFC 2008-09  2008-10-10          -0.1525                0.0389                       1.0          0.1005        0.6048
 PTY        Covid 2020  2020-03-18          -0.0898                0.2661                       2.0          0.3085        0.5388
 PTY         2022 bear  2022-09-29           0.0493                0.3165                      42.0          0.1542        0.1449
 PTY Tariff shock 2025  2025-04-07           0.1149                0.2569                      13.0          0.1860        0.1232
 PDI        Covid 2020  2020-03-18          -0.1209                0.1743                       5.0          0.1464        0.3502
 PDI         2022 bear  2022-06-17          -0.0233                0.1081                       5.0          0.0444        0.0701
 PDI Tariff shock 2025  2025-04-07           0.0272                0.1269                       2.0          0.1288        0.1636
 PHK       GFC 2008-09  2008-11-21          -0.2975                0.0492                      18.0          0.5431        1.2740
 PHK        Covid 2020  2020-03-18          -0.1577                0.2780                       5.0          0.1047        0.3680
 PHK         2022 bear  2022-09-29          -0.0022                0.1157                       3.0          0.0322        0.0682
 PHK Tariff shock 2025  2025-04-07          -0.0242                0.0518                       2.0          0.0432        0.1241
 GAB       GFC 2008-09  2009-03-09          -0.2180               -0.0052                      14.0          0.0929        1.4779
 GAB        Covid 2020  2020-05-19          -0.0366                0.0141                       8.0          0.0084        0.2879
 GAB         2022 bear  2022-10-26           0.0418                0.0394                       0.0          0.0529        0.1157
 GAB Tariff shock 2025  2025-03-17           0.0283                0.0002                       0.0          0.0607        0.0872
 CII       GFC 2008-09  2008-12-01          -0.2630               -0.0799                      21.0         -0.1483        0.1511
 CII        Covid 2020  2020-03-18          -0.1874               -0.0513                       2.0         -0.0852        0.4142
 CII         2022 bear  2022-06-21          -0.0646               -0.0384                       7.0         -0.0170        0.0874
 CII Tariff shock 2025  2025-04-07          -0.0914               -0.0780                       1.0         -0.0552        0.3256
 UTG       GFC 2008-09  2008-11-24          -0.3327               -0.1743                       4.0         -0.1915       -0.0369
 UTG        Covid 2020  2020-03-18          -0.1460                0.0055                       1.0          0.0734        0.5356
 UTG         2022 bear  2022-04-11          -0.0372                0.0158                      10.0          0.0146       -0.0696
 UTG Tariff shock 2025  2025-04-09          -0.0334                0.0035                       1.0          0.0147        0.2277
 BST        Covid 2020  2020-03-18          -0.0945                0.0135                       1.0         -0.0067        0.5700
 BST         2022 bear  2022-06-16          -0.0694               -0.0002                       5.0          0.0044        0.1210
 BST Tariff shock 2025  2025-04-07          -0.0653               -0.0448                       1.0         -0.0584        0.3240
 ETV       GFC 2008-09  2008-10-10          -0.2867               -0.0752                       5.0         -0.0717        0.4017
 ETV        Covid 2020  2020-03-23          -0.1747                0.0459                       2.0          0.0924        0.6743
 ETV         2022 bear  2022-12-29          -0.0074                0.0380                      15.0          0.0105        0.0616
 ETV Tariff shock 2025  2025-04-07          -0.0849               -0.0556                       1.0         -0.0432        0.2366
 NFJ       GFC 2008-09  2008-10-10          -0.2716               -0.0644                       2.0         -0.0807        0.3208
 NFJ        Covid 2020  2020-03-18          -0.2281               -0.1103                       5.0         -0.1305        0.4254
 NFJ         2022 bear  2022-11-10          -0.1484               -0.1030                       NaN         -0.1307        0.1035
 NFJ Tariff shock 2025  2025-04-07          -0.1326               -0.1274                       1.0         -0.0961        0.2118
 EOS       GFC 2008-09  2008-10-10          -0.2705               -0.0414                       2.0         -0.0554        0.3255
 EOS        Covid 2020  2020-03-18          -0.1537                0.0140                       5.0          0.0159        0.5954
 EOS         2022 bear  2022-06-22          -0.0305                0.0101                       7.0          0.0330        0.0980
 EOS Tariff shock 2025  2025-04-07          -0.0280               -0.0241                       1.0          0.0236        0.3253
 RQI       GFC 2008-09  2008-10-10          -0.3851                0.0285                       2.0         -0.2049       -0.1653
 RQI        Covid 2020  2020-03-18          -0.2750               -0.0256                       2.0         -0.0915        0.7937
 RQI         2022 bear  2022-09-26          -0.1030               -0.0294                       6.0         -0.0405        0.0755
 RQI Tariff shock 2025  2025-04-17          -0.0631               -0.0432                       3.0         -0.0463        0.0733
 RNP       GFC 2008-09  2008-10-10          -0.4134               -0.0512                       2.0         -0.2275        0.1202
 RNP        Covid 2020  2020-03-18          -0.3085               -0.0568                       1.0         -0.1023        0.8089
 RNP         2022 bear  2022-09-23          -0.1089               -0.0240                       3.0          0.0478        0.1596
 RNP Tariff shock 2025  2025-04-07           0.0113                0.0143                       1.0          0.0682        0.1807
 USA       GFC 2008-09  2008-12-09          -0.2667               -0.1017                      15.0         -0.2572       -0.2004
 USA        Covid 2020  2020-03-18          -0.2128               -0.0333                       2.0         -0.0821        0.5516
 USA         2022 bear  2022-12-29          -0.0439                0.0318                       8.0          0.0000        0.0771
 USA Tariff shock 2025  2025-06-20          -0.0340               -0.0114                       NaN         -0.0674        0.0208
 GAM       GFC 2008-09  2008-11-21          -0.2520               -0.1025                       8.0         -0.1885        0.0782
 GAM        Covid 2020  2020-03-18          -0.2235               -0.1507                       1.0         -0.1638        0.3417
 GAM         2022 bear  2022-05-11          -0.1871               -0.1532                       6.0         -0.1550        0.0669
 GAM Tariff shock 2025  2025-03-17          -0.1429               -0.1552                       0.0         -0.1247        0.0866
 BDJ       GFC 2008-09  2008-09-17          -0.2198               -0.0795                      14.0         -0.1223       -0.0629
 BDJ        Covid 2020  2020-03-18          -0.2325               -0.0622                       5.0         -0.0909        0.4969
 BDJ         2022 bear  2022-03-04          -0.0750               -0.0489                       1.0         -0.0282        0.0487
 BDJ Tariff shock 2025  2025-04-07          -0.0832               -0.0865                       0.0         -0.0537        0.2093
 EVT       GFC 2008-09  2008-11-21          -0.2881               -0.1172                      10.0         -0.2198        0.0423
 EVT        Covid 2020  2020-03-18          -0.1627               -0.0018                       5.0         -0.0491        0.5764
 EVT         2022 bear  2022-12-29          -0.0509               -0.0122                      24.0         -0.0355       -0.0275
 EVT Tariff shock 2025  2025-04-07          -0.1088               -0.0900                       1.0         -0.0792        0.2278
 PEO       GFC 2008-09  2008-10-10          -0.2064               -0.1123                       2.0         -0.0931        0.2750
 PEO        Covid 2020  2020-03-18          -0.2761               -0.1539                       1.0         -0.1401        0.8878
 PEO         2022 bear  2022-11-11          -0.1699               -0.1368                      11.0         -0.1574       -0.0324
 PEO Tariff shock 2025  2025-04-07          -0.1324               -0.1273                       1.0         -0.0985        0.1771
rule trades: 259 mean 60s return 0.0542 median 0.0526 win rate 0.691
       n  mean_ret  median_ret   disc  disc60
year                                         
2004   1     0.137       0.137 -0.152  -0.060
2005  13     0.068       0.071 -0.119  -0.099
2006   1    -0.075      -0.075 -0.174  -0.080
2007  28     0.035       0.051 -0.086  -0.037
2008  33    -0.076      -0.073 -0.176  -0.121
2009   3     0.725       0.467 -0.224  -0.049
2010   6     0.152       0.126  0.013   0.142
2011   9     0.050       0.052 -0.108  -0.107
2012   6     0.112       0.125 -0.067  -0.010
2013  11    -0.013      -0.013 -0.057  -0.057
2014   7     0.059       0.039 -0.033   0.012
2015  23    -0.004      -0.006 -0.073  -0.080
2016  11     0.136       0.129 -0.146  -0.115
2017   3     0.045       0.046  0.103   0.119
2018  19     0.145       0.144 -0.079  -0.014
2019   2     0.070       0.070 -0.096  -0.068
2020  17     0.049      -0.066 -0.066   0.002
2021   1    -0.002      -0.002 -0.006  -0.005
2022  18     0.080       0.073 -0.078  -0.038
2023  12     0.099       0.092 -0.100  -0.077
2024   5     0.041       0.050 -0.051  -0.036
2025  18     0.082       0.104 -0.011   0.010
2026  12     0.049       0.027 -0.066  -0.051
fund       date  discount  disc_1y_mean  disc_since_2010_mean
 PCN 2026-09-28    -0.040         0.051                 0.123
 PTY 2026-09-28    -0.024         0.076                 0.174
 PDI 2026-09-28    -0.079         0.058                 0.059
 PHK 2026-09-28    -0.060         0.033                 0.243
 GAB 2026-09-28    -0.050         0.002                -0.010
 CII 2026-09-28    -0.005         0.009                -0.052
 UTG 2026-09-28    -0.015        -0.004                -0.022
 BST 2026-09-28    -0.068        -0.062                -0.036
 ETV 2026-09-28    -0.087        -0.071                -0.011
 NFJ 2026-09-28    -0.049        -0.087                -0.100
 EOS 2026-09-28    -0.123        -0.077                -0.036
 RQI 2026-09-28    -0.098        -0.043                -0.070
 RNP 2026-09-28    -0.081        -0.039                -0.075
 USA 2026-09-28    -0.123        -0.103                -0.076
 GAM 2026-09-28    -0.128        -0.107                -0.152
 BDJ 2026-09-28    -0.086        -0.061                -0.073
 EVT 2026-09-28    -0.079        -0.084                -0.061
 PEO 2026-09-28    -0.102        -0.102                -0.138
