2024-01-01 markets kept: 120
2024-02-01 markets kept: 120
2024-03-01 markets kept: 120
2024-04-01 markets kept: 120
2024-05-01 markets kept: 120
2024-06-01 markets kept: 120
2024-07-01 markets kept: 120
2024-08-01 markets kept: 120
2024-09-01 markets kept: 120
2024-10-01 markets kept: 120
2024-11-01 markets kept: 120
2024-12-01 markets kept: 120
2025-01-01 markets kept: 120
2025-02-01 markets kept: 120
2025-03-01 markets kept: 120
2025-04-01 markets kept: 120
2025-05-01 markets kept: 120
2025-06-01 markets kept: 120
2025-07-01 markets kept: 120
2025-08-01 markets kept: 120
2025-09-01 markets kept: 120
2025-10-01 markets kept: 120
2025-11-01 markets kept: 120
2025-12-01 markets kept: 120
2026-01-01 markets kept: 120
2026-02-01 markets kept: 120
2026-03-01 markets kept: 120
2026-04-01 markets kept: 120
2026-05-01 markets kept: 120
2026-06-01 markets kept: 120
2026-07-01 markets kept: 120
2026-08-01 markets kept: 120
markets: 3785
 horizon_days category bucket    n  mean_price  win_rate  ret_pre_cost  ret_net     se  net_annualised
            1      all    <2c 1270      0.0040    0.0024       -0.5979  -0.7986 0.2577   -1.000000e+00
            1      all   2-5c  171      0.0314    0.0409        0.1651  -0.0147 0.4355   -9.956000e-01
            1      all  5-10c  110      0.0699    0.0636       -0.0193  -0.1207 0.3623   -1.000000e+00
            1      all 10-20c   91      0.1428    0.1319       -0.0762  -0.1370 0.2549   -1.000000e+00
            1      all 20-50c  215      0.3442    0.2651       -0.2425  -0.2726 0.0905   -1.000000e+00
            1      all 50-80c  283      0.6162    0.6784        0.0952   0.0701 0.0467    5.466186e+10
            1      all 80-90c   90      0.8545    0.8556        0.0012  -0.0103 0.0438   -9.776000e-01
            1      all 90-95c  106      0.9279    0.9340        0.0073  -0.0010 0.0262   -3.140000e-01
            1      all 95-98c  169      0.9672    0.9586       -0.0090  -0.0154 0.0159   -9.965000e-01
            1      all  >=98c 1279      0.9959    0.9977        0.0018  -0.0034 0.0014   -7.123000e-01
            7      all    <2c 1131      0.0051    0.0044       -0.5999  -0.7350 0.1836   -1.000000e+00
            7      all   2-5c  230      0.0316    0.0174       -0.5006  -0.5781 0.2497   -1.000000e+00
            7      all  5-10c  158      0.0700    0.0506       -0.3123  -0.3779 0.2386   -1.000000e+00
            7      all 10-20c  112      0.1466    0.1339       -0.1277  -0.1831 0.2160   -1.000000e+00
            7      all 20-50c  254      0.3460    0.2559       -0.2575  -0.2873 0.0834   -1.000000e+00
            7      all 50-80c  264      0.6459    0.7311        0.1368   0.1121 0.0440    2.540034e+02
            7      all 80-90c  110      0.8507    0.8636        0.0143   0.0024 0.0387    1.341000e-01
            7      all 90-95c  158      0.9287    0.9494        0.0224   0.0140 0.0189    1.064700e+00
            7      all 95-98c  229      0.9678    0.9825        0.0152   0.0087 0.0090    5.705000e-01
            7      all  >=98c 1136      0.9949    0.9956        0.0007  -0.0045 0.0020   -2.080000e-01
           30      all    <2c 1048      0.0055    0.0048        0.5635  -0.5287 1.0122   -9.999000e-01
           30      all   2-5c  336      0.0322    0.0149       -0.5781  -0.6440 0.1912   -1.000000e+00
           30      all  5-10c  239      0.0731    0.0544       -0.3222  -0.3840 0.1851   -9.972000e-01
           30      all 10-20c  222      0.1425    0.0991       -0.2943  -0.3415 0.1467   -9.938000e-01
           30      all 20-50c  400      0.3362    0.3425        0.0349  -0.0077 0.0757   -8.980000e-02
           30      all 50-80c  423      0.6485    0.6430       -0.0055  -0.0269 0.0371   -2.823000e-01
           30      all 80-90c  226      0.8543    0.8938        0.0466   0.0345 0.0242    5.115000e-01
           30      all 90-95c  234      0.9253    0.9444        0.0205   0.0120 0.0163    1.565000e-01
           30      all 95-98c  337      0.9669    0.9852        0.0189   0.0123 0.0068    1.609000e-01
           30      all  >=98c 1057      0.9944    0.9953        0.0009  -0.0043 0.0021   -5.160000e-02
           90      all    <2c  986      0.0056    0.0041       -0.4313  -0.7418 0.4163   -9.959000e-01
           90      all   2-5c  343      0.0335    0.0262       -0.2556  -0.3723 0.2507   -8.487000e-01
           90      all  5-10c  276      0.0708    0.0652       -0.1517  -0.2323 0.1988   -6.577000e-01
           90      all 10-20c  265      0.1429    0.1245       -0.1579  -0.2128 0.1417   -6.210000e-01
           90      all 20-50c  366      0.3403    0.2678       -0.1895  -0.2229 0.0735   -6.404000e-01
           90      all 50-80c  375      0.6551    0.7280        0.1241   0.0999 0.0369    4.714000e-01
           90      all 80-90c  260      0.8559    0.8692        0.0144   0.0028 0.0246    1.160000e-02
           90      all 90-95c  268      0.9274    0.9328        0.0054  -0.0028 0.0165   -1.140000e-02
           90      all 95-98c  352      0.9657    0.9744        0.0091   0.0025 0.0087    1.020000e-02
           90      all  >=98c  991      0.9944    0.9960        0.0016  -0.0036 0.0020   -1.460000e-02
 horizon_days      category bucket   n  mean_price  win_rate  ret_pre_cost  ret_net     se  net_annualised
            7 crypto/prices    <2c  83      0.0052    0.0000       -1.0000  -1.0000 0.0000             NaN
            7 crypto/prices   2-5c  12      0.0342    0.0000       -1.0000  -1.0000 0.0000             NaN
            7 crypto/prices  5-10c  12      0.0708    0.0000       -1.0000  -1.0000 0.0000             NaN
            7 crypto/prices 20-50c  13      0.3339    0.2308       -0.1681  -0.2056 0.4431         -1.0000
            7 crypto/prices 50-80c  13      0.6661    0.7692        0.2171   0.1899 0.2044       8666.4293
            7 crypto/prices 90-95c  12      0.9292    1.0000        0.0763   0.0675 0.0032         29.1717
            7 crypto/prices 95-98c  12      0.9658    1.0000        0.0355   0.0287 0.0031          3.3819
            7 crypto/prices  >=98c  83      0.9948    1.0000        0.0053   0.0001 0.0006          0.0026
            7         macro    <2c  26      0.0066    0.0000       -1.0000  -1.0000 0.0000             NaN
            7         macro   2-5c  14      0.0292    0.0000       -1.0000  -1.0000 0.0000             NaN
            7         macro 95-98c  14      0.9708    1.0000        0.0301   0.0237 0.0021          2.3875
            7         macro  >=98c  26      0.9934    1.0000        0.0067   0.0014 0.0009          0.0752
            7         other    <2c 484      0.0064    0.0083       -0.1902  -0.4740 0.4099         -1.0000
            7         other   2-5c 120      0.0315    0.0167       -0.5536  -0.6194 0.3151         -1.0000
            7         other  5-10c  84      0.0707    0.0357       -0.5034  -0.5515 0.2847         -1.0000
            7         other 10-20c  59      0.1447    0.1356       -0.0952  -0.1534 0.3079         -0.9998
            7         other 20-50c 148      0.3487    0.2703       -0.2137  -0.2454 0.1129         -1.0000
            7         other 50-80c 153      0.6444    0.7190        0.1180   0.0938 0.0584        106.0704
            7         other 80-90c  57      0.8519    0.8596        0.0085  -0.0032 0.0547         -0.1537
            7         other 90-95c  86      0.9280    0.9651        0.0403   0.0318 0.0216          4.1030
            7         other 95-98c 119      0.9681    0.9832        0.0155   0.0090 0.0122          0.5992
            7         other  >=98c 486      0.9936    0.9918       -0.0018  -0.0071 0.0041         -0.3085
            7      politics    <2c 363      0.0046    0.0028       -0.8330  -0.8756 0.1670         -1.0000
            7      politics   2-5c  72      0.0311    0.0278       -0.1487  -0.2867 0.6012         -1.0000
            7      politics  5-10c  44      0.0692    0.0909        0.2539   0.1336 0.6053        689.6999
            7      politics 10-20c  37      0.1486    0.1892        0.1975   0.1227 0.4238        417.1762
            7      politics 20-50c  73      0.3407    0.2055       -0.4537  -0.4740 0.1288         -1.0000
            7      politics 50-80c  76      0.6491    0.7763        0.1923   0.1669 0.0771       3127.9316
            7      politics 80-90c  37      0.8486    0.8108       -0.0468  -0.0580 0.0770         -0.9556
            7      politics 90-95c  43      0.9291    0.9070       -0.0238  -0.0318 0.0483         -0.8141
            7      politics 95-98c  71      0.9679    0.9718        0.0041  -0.0023 0.0205         -0.1152
            7      politics  >=98c 366      0.9953    0.9973        0.0020  -0.0032 0.0028         -0.1538
            7        sports    <2c 175      0.0021    0.0000       -1.0000  -1.0000 0.0000             NaN
            7        sports   2-5c  12      0.0354    0.0000       -1.0000  -1.0000 0.0000             NaN
            7        sports  5-10c  11      0.0690    0.0909        0.0695  -0.0236 1.0695         -0.7129
            7        sports 20-50c  16      0.3719    0.2500       -0.3651  -0.3878 0.2873         -1.0000
            7        sports 50-80c  18      0.6138    0.7222        0.1768   0.1495 0.1837       1431.0218
            7        sports 90-95c  10      0.9291    0.9000       -0.0328  -0.0406 0.1075         -0.8850
            7        sports 95-98c  13      0.9635    1.0000        0.0380   0.0311 0.0028          3.9503
            7        sports  >=98c 175      0.9979    1.0000        0.0021  -0.0029 0.0003         -0.1421
category
other            1907
politics          972
sports            551
crypto/prices     275
macro              80
Name: count, dtype: int64
