HTTP Error 404: Not Found{"quoteSummary":{"result":null,"error":{"code":"Not Found","description":"Quote not found for symbol: NKLA"}}}
$NKLA: possibly delisted; no timezone found

1 Failed download:
['NKLA']: possibly delisted; no timezone found
NKLA no data
$FSR: possibly delisted; no timezone found

1 Failed download:
['FSR']: possibly delisted; no timezone found
FSR no data
$SKLZ: possibly delisted; no timezone found

1 Failed download:
['SKLZ']: possibly delisted; no timezone found
SKLZ no data
$MTTR: possibly delisted; no timezone found

1 Failed download:
['MTTR']: possibly delisted; no timezone found
MTTR no data
successor spac hist_start  split_rescale  announced  pre_sessions  pre_min_close  pre_min_vs_trust  pct_sessions_below_9_80  close_before_ann  ann_day_close  ann_pop_vs_trust  max_close_60s_after  max_vs_trust merger_closed  ret_12m_after_close  latest_vs_trust                              note
     SPCE IPOA 2017-09-29           20.0 2019-07-09         180.0          9.920           -0.0080                   0.0000             10.43          10.69             0.069                10.78         0.078    2019-10-28               0.5513          -0.9843                               NaN
      VRT GSAH 2018-08-02            1.0 2019-12-10         180.0          9.970           -0.0030                   0.0000             10.45          10.62             0.062                13.46         0.346    2020-02-07               0.6545          23.4040                               NaN
     DKNG DEAC 2019-07-25            1.0 2019-12-23         105.0          9.760           -0.0240                   0.0857             10.17          10.84             0.084                18.69         0.869    2020-04-24               2.0610           1.1160                               NaN
     HYLN SHLL 2020-01-02            1.0 2020-06-19         117.0          9.550           -0.0450                   0.0684             10.22          14.04             0.404                55.85         4.585    2020-10-01              -0.8219          -0.6040                               NaN
       QS KCAC 2020-08-17            NaN        NaN           NaN            NaN               NaN                      NaN               NaN            NaN               NaN                  NaN           NaN           NaN                  NaN              NaN history starts after announcement
     OPEN IPOB 2020-06-18            1.0 2020-09-15          61.0         10.610            0.0610                   0.0000             13.05          17.56             0.756                26.82         1.682    2020-12-18              -0.5241          -0.7570                               NaN
     CHPT  SBE 2019-09-16           20.0 2020-09-24         180.0          9.380           -0.0620                   0.1833             12.18          12.46             0.246                43.00         3.300    2021-02-26              -0.5553          -0.9563                               NaN
     CLOV IPOC 2020-06-12            1.0 2020-10-06          80.0         10.200            0.0200                   0.0000             12.68          10.97             0.097                17.07         0.707    2021-01-07              -0.7909          -0.5670                               NaN
     GENI DMYD 2020-10-05            NaN        NaN           NaN            NaN               NaN                      NaN               NaN            NaN               NaN                  NaN           NaN           NaN                  NaN              NaN history starts after announcement
     BFLY LGVW 2020-07-13            1.0 2020-11-20          93.0          9.340           -0.0660                   0.2151              9.86          12.50             0.250                27.14         1.714    2021-02-12              -0.7510          -0.0850                               NaN
     SOFI IPOE 2021-01-04            NaN        NaN           NaN            NaN               NaN                      NaN               NaN            NaN               NaN                  NaN           NaN           NaN                  NaN              NaN history starts after announcement
     PAYO FTOC 2020-10-16            1.0 2021-02-03          74.0          9.600           -0.0400                   0.3784             12.74          14.40             0.440                14.40         0.440    2021-06-25              -0.6180          -0.2860                               NaN
     LCID CCIV 2020-09-18           10.0 2021-02-22         106.0          9.630           -0.0370                   0.4057             52.94          57.37             4.737                57.37         4.737    2021-07-23              -0.2272          -0.9610                               NaN
     JOBY  RTP 2020-11-09            1.0 2021-02-24          72.0         10.500            0.0500                   0.0000             12.94          13.46             0.346                13.46         0.346    2021-08-10              -0.4058          -0.3890                               NaN
     MVST THCB 2019-03-27            1.0 2021-02-01         180.0         10.050            0.0050                   0.0000             15.66          24.50             1.450                24.50         1.450    2021-07-23              -0.7710          -0.9354                               NaN
      DJT DWAC 2021-09-30            NaN        NaN           NaN            NaN               NaN                      NaN               NaN            NaN               NaN                  NaN           NaN           NaN                  NaN              NaN history starts after announcement
     GRAB  AGC 2020-12-01            1.0 2021-04-13          90.0         10.980            0.0980                   0.0000             13.95          15.33             0.533                15.33         0.533    2021-12-01              -0.7212          -0.6905                               NaN
     LUNR IPAX 2021-11-17            1.0 2022-09-28         180.0          9.615           -0.0385                   0.9556              9.82           9.83            -0.017                10.00         0.000    2023-02-13              -0.5221           0.5200                               NaN

n = 14 | median pre-announcement min vs trust: -0.016 | worst: -0.066 | median ann-day pop vs trust: 0.298 | median max within 60s vs trust: 0.788 | median 12m after merger close: -0.54
